# Import method
>>> print_square = __import__('4-print_square').print_square

# Test with valid size
>>> print_square(4)
####
####
####
####

# Test with larger size
>>> print_square(10)
##########
##########
##########
##########
##########
##########
##########
##########
##########
##########

# Test with size 0
>>> print_square(0)

# Test with size 1
>>> print_square(1)
#

# Test with negative size
>>> print_square(-1)
Traceback (most recent call last):
ValueError: size must be >= 0

# Test with float size less than 0
>>> print_square(-1.5)
Traceback (most recent call last):
TypeError: size must be an integer

# Test with float size greater than or equal to 0
>>> print_square(4.0)
####
####
####
####
