"""
>>> text_indentation("Hello. World!")
Hello.

World!

>>> text_indentation("This is a test: to see if it works? Yes!")
This is a test:

to see if it works?

Yes!

>>> text_indentation("Just a test.")
Just a test.

>>> text_indentation("Multiple questions?? and some colons::")
Multiple questions?

and some colons:

>>> text_indentation(12345)
Traceback (most recent call last):
    ...
TypeError: text must be a string
"""
