"""
>>> text_indentation("Hello. World!")
Hello.

World!

>>> text_indentation("This is a test: to see if it works? Yes!")
This is a test:

to see if it works?

Yes!

>>> text_indentation("Holberton School")
Holberton School

>>> text_indentation("Holberton. School")
Holberton.

School

>>> text_indentation("Holberton. School? How are you: John")
Holberton.

School?

How are you:

John

>>> text_indentation(12)
Traceback (most recent call last):
    ...
TypeError: text must be a string
"""

